// Jest Snapshot v1, https://goo.gl/fbAQLP

exports[`loads goog modules with require() 1`] = `
"this is some.legacy.namespace.myFn
some.legacy.namespace.otherModule.text = This is from otherModule.
Some var: 42"
`;
