// Jest Snapshot v1, https://goo.gl/fbAQLP

exports[`loads closure library modules with goog.require() 1`] = `
"Inner box in outer box true
Outer box in inner box false
calculating if one box contains another
Outer box in inner box false"
`;
